<!DOCTYPE html>
<html lang="en">
  <head>
    <title>My amazing blog!</title>
    <meta charset="UTF-8">
    <meta name="viewport" content="width=device-width, initial-scale=1.0">
  </head>
  <body>
    <nav role="navigation">
      <div>
        <h1>Budding Gopher's blog</h1>
        <ul>
          <li><a href="/">Home</a></li>
          <li><a href="/about">About</a></li>
          <li><a href="/archive">Archive</a></li>
        </ul>
      </div>
    </nav>
    <main>
<ol><li><a href="/post/hello-world">Hello World</a></li><li><a href="/post/hello-world-2">Hello World 2</a></li></ol>
   </main>
    <footer>
      <ul>
        <li><a href="https://linkedin.com/in/igolt">LinkedIn</a></li>
        <li><a href="https://github.com/igolt">GitHub</a></li>
      </ul>
    </footer>
  </body>
</html>
