<h1>Hello World</h1>

<p>Post description</p>

Tags: <ul><li>go</li><li>tdd</li></ul>
